################################################################################
#                                                                              #
#      IAR Universal Linker V5.2.3.14                                          #
#                                                                              #
#           Link time     =  22/Jan/2019  12:51:55                             #
#           Target CPU    =  A90                                               #
#           List file     =  D:\IAR_PRJ\6ch\Release\List\6ch.map               #
#           Output file 1 =  D:\IAR_PRJ\6ch\Release\Exe\6ch.hex                #
#                            Format: intel-standard, variant: -y(CODE)         #
#           Output file 2 =  D:\IAR_PRJ\6ch\Release\Exe\6ch.e2p                #
#                            Format: intel-standard, variant: -y(XDATA)        #
#           Output file 3 =  D:\IAR_PRJ\6ch\Release\Exe\6ch.d90                #
#                            Format: debug                                     #
#                            UBROF version 10.0.6                              #
#                            Using library modules for C-SPY (-rt)             #
#           Command line  =  -Ointel-standard,(CODE)=D:\IAR_PRJ\6ch\Release\Ex #
#                            e\6ch.hex                                         #
#                            -Ointel-standard,(XDATA)=D:\IAR_PRJ\6ch\Release\E #
#                            xe\6ch.e2p                                        #
#                            D:\IAR_PRJ\6ch\Release\Obj\I2C.r90                #
#                            D:\IAR_PRJ\6ch\Release\Obj\PCF8583.r90            #
#                            D:\IAR_PRJ\6ch\Release\Obj\core.r90               #
#                            D:\IAR_PRJ\6ch\Release\Obj\main.r90               #
#                            D:\IAR_PRJ\6ch\Release\Obj\shell.r90              #
#                            D:\IAR_PRJ\6ch\Release\Obj\timers.r90             #
#                            D:\IAR_PRJ\6ch\Release\Obj\uart.r90 -o            #
#                            D:\IAR_PRJ\6ch\Release\Exe\6ch.d90 -l             #
#                            D:\IAR_PRJ\6ch\Release\List\6ch.map -xms          #
#                            "-IC:\Program Files\IAR Systems\Embedded Workbenc #
#                            h 6.0\avr\LIB\"                                   #
#                            -f                                                #
#                            "C:\Program Files\IAR Systems\Embedded Workbench  #
#                            6.0\avr\src\template\cfgm168pa.xcl"               #
#                            (-D_..X_INTVEC_SIZE=68 -D_..X_FLASH_NEND=3FFF     #
#                            -D_..X_FLASH_END=3FFF -D_..X_SRAM_BASE=100        #
#                            -D_..X_SRAM_TBASE=0 -D_..X_SRAM_TSIZE=0           #
#                            -D_..X_SRAM_END=4FF                               #
#                            -D_..X_EXT_SRAM_BASE=_..X_SRAM_END                #
#                            -D_..X_EXT_SRAM_SIZE=0                            #
#                            -D_..X_EXT_ROM_BASE=_..X_SRAM_END                 #
#                            -D_..X_EXT_ROM_SIZE=0                             #
#                            -D_..X_EXT_NV_BASE=_..X_SRAM_END                  #
#                            -D_..X_EXT_NV_SIZE=0 -D_..X_EEPROM_END=1FF        #
#                            -D_..X_EEPROM_START=0) -D_..X_HEAP_SIZE=0         #
#                            -D_..X_TINY_HEAP_SIZE=0                           #
#                            -D_..X_NEAR_HEAP_SIZE=20 -D_..X_FAR_HEAP_SIZE=0   #
#                            -D_..X_HUGE_HEAP_SIZE=0 -D_..X_CSTACK_SIZE=80     #
#                            -D_..X_RSTACK_SIZE=80                             #
#                            -D_..X_FLASH_CODE_END=_..X_FLASH_END -f           #
#                            "C:\Program Files\IAR Systems\Embedded Workbench  #
#                            6.0\avr\src\template\cfg3soim.xcl"                #
#                            (-ca90 -w29                                       #
#                            -Z(CODE)INTVEC=0-(_..X_INTVEC_SIZE-1)             #
#                            -Z(CODE)TINY_F=_..X_FLASH_BASE-FF                 #
#                            -Z(CODE)NEAR_F=_..X_FLASH_BASE-_..X_FLASH_NEND    #
#                            -Z(CODE)SWITCH=_..X_FLASH_BASE-_..X_FLASH_NEND    #
#                            -Z(CODE)DIFUNCT=_..X_FLASH_BASE-_..X_FLASH_NEND   #
#                            -Z(CODE)CODE=_..X_FLASH_BASE-_..X_FLASH_END       #
#                            -P(CODE)FAR_F=[_..X_FLASH_BASE-_..X_FLASH_END]/10 #
#                            000                                               #
#                            -Z(CODE)INITTAB=_..X_FLASH_BASE-_..X_FLASH_END    #
#                            -Z(CODE)HUGE_F=_..X_FLASH_BASE-_..X_FLASH_END     #
#                            -Z(CODE)TINY_ID=_..X_FLASH_BASE-_..X_FLASH_END    #
#                            -Z(CODE)NEAR_ID=_..X_FLASH_BASE-_..X_FLASH_END    #
#                            -Z(CODE)CHECKSUM#_..X_FLASH_END                   #
#                            -Z(DATA)TINY_I,TINY_Z,TINY_N=_..X_SRAM_TBASE:+_.. #
#                            X_SRAM_TSIZE                                      #
#                            -Z(DATA)CSTACK+_..X_CSTACK_SIZE=_..X_CSTACK_BASE- #
#                            _..X_CSTACK_END                                   #
#                            -Z(DATA)HEAP+_..X_HEAP_SIZE=_..X_SRAM_BASE-_..X_S #
#                            RAM_END                                           #
#                            -Z(DATA)IOSTREAM_N#_..X_SRAM_BASE-_..X_SRAM_END   #
#                            -Z(DATA)NEAR_HEAP+_..X_NEAR_HEAP_SIZE=_..X_SRAM_B #
#                            ASE-_..X_SRAM_END                                 #
#                            -Z(DATA)RSTACK+_..X_RSTACK_SIZE=_..X_RSTACK_BASE- #
#                            _..X_RSTACK_END                                   #
#                            -Z(DATA)NEAR_I,NEAR_Z,NEAR_N=_..X_SRAM_BASE-_..X_ #
#                            SRAM_END                                          #
#                            -Z(XDATA)EEPROM_I,EEPROM_N=_..X_EEPROM_START-_..X #
#                            _EEPROM_END)                                      #
#                            -D_..X_FLASH_BASE=_..X_INTVEC_SIZE -H1895         #
#                            -h(CODE)0-(_..X_INTVEC_SIZE-1)                    #
#                            -D_..X_CSTACK_BASE=_..X_SRAM_BASE                 #
#                            -D_..X_CSTACK_END=_..X_SRAM_END                   #
#                            -D_..X_RSTACK_BASE=_..X_SRAM_BASE                 #
#                            -D_..X_RSTACK_END=_..X_SRAM_END -rt -s            #
#                            __program_start                                   #
#                            "C:\Program Files\IAR Systems\Embedded Workbench  #
#                            6.0\avr\LIB\DLIB\dlAVR-3s-ec_mul-sf-n.r90"        #
#                            -e_PrintfLarge=_Printf -e_ScanfLarge=_Scanf       #
#                                                                              #
#                           Copyright (C) 1987-2011 IAR Systems AB.            #
################################################################################





                ****************************************
                *                                      *
                *           CROSS REFERENCE            *
                *                                      *
                ****************************************

       Program entry at : CODE      00000000  Relocatable, from module : ?RESET




                ****************************************
                *                                      *
                *            RUNTIME MODEL             *
                *                                      *
                ****************************************

  EEPROM_SIZE                = 2
  R10                        = REG
  R11                        = REG
  R4                         = REG
  R5                         = REG
  R6                         = REG
  R7                         = REG
  R8                         = REG
  R9                         = REG
  __64bit_doubles            = disabled
  __Heap_Handler             = Basic
  __SystemLibrary            = DLib
  __cpu                      = 3
  __cpu_name                 = ATmega168PA
  __dlib_file_descriptor     = 0
  __dlib_full_locale_support = 0
  __enhanced_core            = enabled
  __has_elpm                 = false
  __memory_model             = 2
  __rt_version               = 3
  __tiny_avr                 = false

                ****************************************
                *                                      *
                *    AUTOMATIC SYMBOL REDIRECTIONS     *
                *                                      *
                ****************************************

                  There are no automatic symbol redirections.



                ****************************************
                *                                      *
                *              MODULE MAP              *
                *                                      *
                ****************************************


  DEFINED ABSOLUTE ENTRIES
  PROGRAM MODULE, NAME : ?ABS_ENTRY_MOD

Absolute parts
           ENTRY                   ADDRESS         REF BY
           =====                   =======         ======
           _..X_RSTACK_END         000004FF 
           _..X_RSTACK_BASE        00000100 
           _..X_CSTACK_END         000004FF 
           _..X_CSTACK_BASE        00000100 
           _..X_FLASH_BASE         00000068 
           _..X_FLASH_CODE_END     00003FFF 
           _..X_RSTACK_SIZE        00000080 
           _..X_CSTACK_SIZE        00000080 
           _..X_HUGE_HEAP_SIZE     00000000 
           _..X_FAR_HEAP_SIZE      00000000 
           _..X_NEAR_HEAP_SIZE     00000020 
           _..X_TINY_HEAP_SIZE     00000000 
           _..X_HEAP_SIZE          00000000 
           _..X_EEPROM_START       00000000 
           _..X_EEPROM_END         000001FF 
           _..X_EXT_NV_SIZE        00000000 
           _..X_EXT_NV_BASE        000004FF 
           _..X_EXT_ROM_SIZE       00000000 
           _..X_EXT_ROM_BASE       000004FF 
           _..X_EXT_SRAM_SIZE      00000000 
           _..X_EXT_SRAM_BASE      000004FF 
           _..X_SRAM_END           000004FF 
           _..X_SRAM_TSIZE         00000000 
           _..X_SRAM_TBASE         00000000 
           _..X_SRAM_BASE          00000100 
           _..X_FLASH_END          00003FFF 
           _..X_FLASH_NEND         00003FFF 
           _..X_INTVEC_SIZE        00000068 
    *************************************************************************

  FILE NAME : D:\IAR_PRJ\6ch\Release\Obj\I2C.r90
  PROGRAM MODULE, NAME : I2C

  SEGMENTS IN THE MODULE
  ======================
ABSOLUTE
  Relative segment, address: DATA 000000BC - 000000BC (0x1 bytes), align: 0
  Segment part 1. ROOT.       Intra module refs:   Segment part 16
                                                   Segment part 18
                                                   Segment part 21
                                                   Segment part 23
                                                   read_byte(unsigned char, unsigned int)
                                                   write_byte(unsigned char, unsigned int, unsigned char)
           ENTRY                   ADDRESS         REF BY
           =====                   =======         ======
           _A_TWCR                 000000BC 
    -------------------------------------------------------------------------
ABSOLUTE
  Relative segment, address: DATA 000000BB - 000000BB (0x1 bytes), align: 0
  Segment part 2. ROOT.       Intra module refs:   Segment part 22
                                                   read_byte(unsigned char, unsigned int)
                                                   write_byte(unsigned char, unsigned int, unsigned char)
           ENTRY                   ADDRESS         REF BY
           =====                   =======         ======
           _A_TWDR                 000000BB 
    -------------------------------------------------------------------------
ABSOLUTE
  Relative segment, address: DATA 000000B9 - 000000B9 (0x1 bytes), align: 0
  Segment part 3. ROOT.       Intra module refs:   Segment part 15
                                                   Segment part 20
                                                   init_i2c()
                                                   read_byte(unsigned char, unsigned int)
                                                   write_byte(unsigned char, unsigned int, unsigned char)
           ENTRY                   ADDRESS         REF BY
           =====                   =======         ======
           _A_TWSR                 000000B9 
    -------------------------------------------------------------------------
ABSOLUTE
  Relative segment, address: DATA 000000B8 - 000000B8 (0x1 bytes), align: 0
  Segment part 4. ROOT.       Intra module refs:   init_i2c()
           ENTRY                   ADDRESS         REF BY
           =====                   =======         ======
           _A_TWBR                 000000B8 
    -------------------------------------------------------------------------
ABSOLUTE
  Relative segment, address: DATA 00000027 - 00000027 (0x1 bytes), align: 0
  Segment part 5. ROOT.       Intra module refs:   init_i2c()
           ENTRY                   ADDRESS         REF BY
           =====                   =======         ======
           _A_DDRC                 00000027 
    -------------------------------------------------------------------------
CODE
  Relative segment, address: CODE 00000174 - 0000018B (0x18 bytes), align: 1
  Segment part 12.
           ENTRY                   ADDRESS         REF BY
           =====                   =======         ======
           init_i2c()              00000174        init_rtc() (PCF8583)
               RSTACK = 00000000 ( 00000002 )
    -------------------------------------------------------------------------
CODE
  Relative segment, address: CODE 0000018C - 000001DF (0x54 bytes), align: 1
  Segment part 14.
           ENTRY                   ADDRESS         REF BY
           =====                   =======         ======
           read_byte(unsigned char, unsigned int)
                                   0000018C        Segment part 24 (PCF8583)
               RSTACK = 00000000 ( 00000002 )
    -------------------------------------------------------------------------
CODE
  Relative segment, address: CODE 000001E0 - 000001E5 (0x6 bytes), align: 1
  Segment part 15.            Intra module refs:   read_byte(unsigned char, unsigned int)
    -------------------------------------------------------------------------
CODE
  Relative segment, address: CODE 000001E6 - 000001EB (0x6 bytes), align: 1
  Segment part 16.            Intra module refs:   read_byte(unsigned char, unsigned int)
    -------------------------------------------------------------------------
CODE
  Relative segment, address: CODE 000001EC - 000001ED (0x2 bytes), align: 1
  Segment part 17.            Intra module refs:   read_byte(unsigned char, unsigned int)
    -------------------------------------------------------------------------
CODE
  Relative segment, address: CODE 000001EE - 000001F3 (0x6 bytes), align: 1
  Segment part 18.            Intra module refs:   Segment part 17
                                                   read_byte(unsigned char, unsigned int)
    -------------------------------------------------------------------------
CODE
  Relative segment, address: CODE 000001F4 - 00000237 (0x44 bytes), align: 1
  Segment part 19.
           ENTRY                   ADDRESS         REF BY
           =====                   =======         ======
           write_byte(unsigned char, unsigned int, unsigned char)
                                   000001F4        Segment part 30 (PCF8583)
               RSTACK = 00000000 ( 00000002 )
    -------------------------------------------------------------------------
CODE
  Relative segment, address: CODE 00000238 - 0000023D (0x6 bytes), align: 1
  Segment part 20.            Intra module refs:   read_byte(unsigned char, unsigned int)
                                                   write_byte(unsigned char, unsigned int, unsigned char)
    -------------------------------------------------------------------------
CODE
  Relative segment, address: CODE 0000023E - 00000243 (0x6 bytes), align: 1
  Segment part 21.            Intra module refs:   read_byte(unsigned char, unsigned int)
                                                   write_byte(unsigned char, unsigned int, unsigned char)
    -------------------------------------------------------------------------
CODE
  Relative segment, address: CODE 00000244 - 00000247 (0x4 bytes), align: 1
  Segment part 22.            Intra module refs:   read_byte(unsigned char, unsigned int)
                                                   write_byte(unsigned char, unsigned int, unsigned char)
    -------------------------------------------------------------------------
CODE
  Relative segment, address: CODE 00000248 - 0000024F (0x8 bytes), align: 1
  Segment part 23.            Intra module refs:   Segment part 22
                                                   read_byte(unsigned char, unsigned int)
                                                   write_byte(unsigned char, unsigned int, unsigned char)
    -------------------------------------------------------------------------
ABSOLUTE
  Relative segment, address: DATA 0000001F, align: 0
  Segment part 6. ROOT.
           ENTRY                   ADDRESS         REF BY
           =====                   =======         ======
           __?EECR                 0000001F        Segment part 0 (?EEPROM_16)
                                                   Segment part 1 (?EEPROM_16)
                                                   Segment part 8 (?EEPROM_16)
    -------------------------------------------------------------------------
ABSOLUTE
  Relative segment, address: DATA 00000020, align: 0
  Segment part 7. ROOT.
           ENTRY                   ADDRESS         REF BY
           =====                   =======         ======
           __?EEDR                 00000020        __eeget16_16 (?EEPROM_16)
                                                   __eeget8_16 (?EEPROM_16)
                                                   __eeput16_16 (?EEPROM_16)
                                                   __eeput8_16 (?EEPROM_16)
    -------------------------------------------------------------------------
ABSOLUTE
  Relative segment, address: DATA 00000021, align: 0
  Segment part 8. ROOT.
           ENTRY                   ADDRESS         REF BY
           =====                   =======         ======
           __?EEARL                00000021        Segment part 1 (?EEPROM_16)
                                                   Segment part 8 (?EEPROM_16)
    -------------------------------------------------------------------------
ABSOLUTE
  Relative segment, address: DATA 00000022, align: 0
  Segment part 9. ROOT.
           ENTRY                   ADDRESS         REF BY
           =====                   =======         ======
           __?EEARH                00000022        Segment part 1 (?EEPROM_16)
                                                   Segment part 8 (?EEPROM_16)

    *************************************************************************

  FILE NAME : D:\IAR_PRJ\6ch\Release\Obj\PCF8583.r90
  PROGRAM MODULE, NAME : PCF8583

  SEGMENTS IN THE MODULE
  ======================
ABSOLUTE
  Relative segment, address: DATA 00000069 - 00000069 (0x1 bytes), align: 0
  Segment part 1. ROOT.       Intra module refs:   init_rtc()
           ENTRY                   ADDRESS         REF BY
           =====                   =======         ======
           _A_EICRA                00000069 
    -------------------------------------------------------------------------
ABSOLUTE
  Relative segment, address: DATA 0000003D - 0000003D (0x1 bytes), align: 0
  Segment part 2. ROOT.       Intra module refs:   init_rtc()
           ENTRY                   ADDRESS         REF BY
           =====                   =======         ======
           _A_EIMSK                0000003D 
    -------------------------------------------------------------------------
ABSOLUTE
  Relative segment, address: DATA 0000002A - 0000002A (0x1 bytes), align: 0
  Segment part 3. ROOT.       Intra module refs:   init_core() (core)
                                                   init_rtc()
           ENTRY                   ADDRESS         REF BY
           =====                   =======         ======
           _A_DDRD                 0000002A 
    -------------------------------------------------------------------------
NEAR_Z
  Relative segment, address: DATA 000002AF - 000002B3 (0x5 bytes), align: 0
  Segment part 11.            Intra module refs:   INT1_interrupt()
           ENTRY                   ADDRESS         REF BY
           =====                   =======         ======
           time                    000002AF        numeric_return(uint8_t *) (shell)
                                                   poll_hmi() (core)
                                                   poll_prog() (core)
                                                   touch(uint8_t *) (shell)
    -------------------------------------------------------------------------
CODE
  Relative segment, address: CODE 00000250 - 00000261 (0x12 bytes), align: 1
  Segment part 14.
           ENTRY                   ADDRESS         REF BY
           =====                   =======         ======
           init_rtc()              00000250        init() (main)
               calls direct
               RSTACK = 00000000 ( 00000002 )
    -------------------------------------------------------------------------
CODE
  Relative segment, address: CODE 00000262 - 00000275 (0x14 bytes), align: 1
  Segment part 15.            Intra module refs:   Segment part 27
           ENTRY                   ADDRESS         REF BY
           =====                   =======         ======
           bin_to_bcd(uint8_t)     00000262 
               RSTACK = 00000000 ( 00000002 )
    -------------------------------------------------------------------------
CODE
  Relative segment, address: CODE 00000276 - 00000285 (0x10 bytes), align: 1
  Segment part 16.            Intra module refs:   Segment part 20
           ENTRY                   ADDRESS         REF BY
           =====                   =======         ======
           bcd_to_bin(uint8_t)     00000276 
               RSTACK = 00000000 ( 00000002 )
    -------------------------------------------------------------------------
CODE
  Relative segment, address: CODE 00000286 - 000002B7 (0x32 bytes), align: 1
  Segment part 17.            Intra module refs:   INT1_interrupt()
           ENTRY                   ADDRESS         REF BY
           =====                   =======         ======
           rtc_get_time(tTime *)   00000286 
               calls direct
               CSTACK = 00000000 ( 00000002 )
               RSTACK = 00000000 ( 00000002 )
    -------------------------------------------------------------------------
CODE
  Relative segment, address: CODE 000002B8 - 000002BD (0x6 bytes), align: 1
  Segment part 18.            Intra module refs:   rtc_get_time(tTime *)
    -------------------------------------------------------------------------
CODE
  Relative segment, address: CODE 000002BE - 000002BF (0x2 bytes), align: 1
  Segment part 19.            Intra module refs:   rtc_get_time(tTime *)
    -------------------------------------------------------------------------
CODE
  Relative segment, address: CODE 000002C0 - 000002C1 (0x2 bytes), align: 1
  Segment part 20.            Intra module refs:   Segment part 19
                                                   Segment part 21
    -------------------------------------------------------------------------
CODE
  Relative segment, address: CODE 000002C2 - 000002C5 (0x4 bytes), align: 1
  Segment part 21.            Intra module refs:   rtc_get_time(tTime *)
    -------------------------------------------------------------------------
CODE
  Relative segment, address: CODE 000002C6 - 000002F1 (0x2c bytes), align: 1
  Segment part 22.
           ENTRY                   ADDRESS         REF BY
           =====                   =======         ======
           rtc_set_time(tTime)     000002C6        numeric_return(uint8_t *) (shell)
               calls direct
               CSTACK = 00000000 ( 00000006 )
               RSTACK = 00000000 ( 00000002 )
    -------------------------------------------------------------------------
CODE
  Relative segment, address: CODE 000002F2 - 000002F3 (0x2 bytes), align: 1
  Segment part 23.            Intra module refs:   rtc_set_time(tTime)
    -------------------------------------------------------------------------
CODE
  Relative segment, address: CODE 000002F4 - 000002FB (0x8 bytes), align: 1
  Segment part 24.            Intra module refs:   Segment part 21
                                                   Segment part 23
                                                   rtc_get_time(tTime *)
    -------------------------------------------------------------------------
CODE
  Relative segment, address: CODE 000002FC - 00000301 (0x6 bytes), align: 1
  Segment part 27.            Intra module refs:   rtc_set_time(tTime)
    -------------------------------------------------------------------------
CODE
  Relative segment, address: CODE 00000302 - 00000303 (0x2 bytes), align: 1
  Segment part 28.            Intra module refs:   rtc_set_time(tTime)
    -------------------------------------------------------------------------
CODE
  Relative segment, address: CODE 00000304 - 00000305 (0x2 bytes), align: 1
  Segment part 29.            Intra module refs:   Segment part 28
    -------------------------------------------------------------------------
CODE
  Relative segment, address: CODE 00000306 - 0000030D (0x8 bytes), align: 1
  Segment part 30.            Intra module refs:   Segment part 29
                                                   rtc_set_time(tTime)
    -------------------------------------------------------------------------
CODE
  Relative segment, address: CODE 0000030E - 00000355 (0x48 bytes), align: 1
  Segment part 31.            Intra module refs:   INT1_interrupt()::??INTVEC 8
           ENTRY                   ADDRESS         REF BY
           =====                   =======         ======
           INT1_interrupt()        0000030E 
               interrupt function
               calls direct
               CSTACK = 00000000 ( 0000000F )
               RSTACK = 00000000 ( 00000002 )
    -------------------------------------------------------------------------
INTVEC
  Common segment, address: CODE 00000000 - 0000000B (0xc bytes), align: 1
  Segment part 8. ROOT.
           ENTRY                   ADDRESS         REF BY
           =====                   =======         ======
           INT1_interrupt()::??INTVEC 8
                                   00000008 
    -------------------------------------------------------------------------
INITTAB
  Relative segment, address: CODE 000016FA - 000016FF (0x6 bytes), align: 0
  Segment part 12.            Intra module refs:   Segment part 28 (core)
                                                   TimerPool (timers)
                                                   UART (uart)
                                                   ch (core)
                                                   download_ch (core)
                                                   hmi_en (core)
                                                   prog (core)
                                                   shell (shell)
                                                   time
           ENTRY                   ADDRESS         REF BY
           =====                   =======         ======
           ?<Segment init: NEAR_Z>
                                   000016FA 

    *************************************************************************

  FILE NAME : D:\IAR_PRJ\6ch\Release\Obj\core.r90
  PROGRAM MODULE, NAME : core

  SEGMENTS IN THE MODULE
  ======================
ABSOLUTE
  Relative segment, address: DATA 0000002B - 0000002B (0x1 bytes), align: 0
  Segment part 1. ROOT.       Intra module refs:   UART_flush_buffer() (uart)
                                                   UART_register_empty_interrupt() (uart)
                                                   channel_t::poll()
                                                   init_UART(uint32_t) (uart)
                                                   init_core()
           ENTRY                   ADDRESS         REF BY
           =====                   =======         ======
           _A_PORTD                0000002B 
    -------------------------------------------------------------------------
ABSOLUTE
  Relative segment, address: DATA 00000025 - 00000025 (0x1 bytes), align: 0
  Segment part 3. ROOT.       Intra module refs:   channel_t::poll()
                                                   init_core()
           ENTRY                   ADDRESS         REF BY
           =====                   =======         ======
           _A_PORTB                00000025 
    -------------------------------------------------------------------------
ABSOLUTE
  Relative segment, address: DATA 00000024 - 00000024 (0x1 bytes), align: 0
  Segment part 4. ROOT.       Intra module refs:   init_core()
           ENTRY                   ADDRESS         REF BY
           =====                   =======         ======
           _A_DDRB                 00000024 
    -------------------------------------------------------------------------
NEAR_Z
  Relative segment, address: DATA 000002B4 - 000002B5 (0x2 bytes), align: 0
  Segment part 28.            Intra module refs:   Segment part 119
                                                   init_core()
                                                   switch_mode()
           ENTRY                   ADDRESS         REF BY
           =====                   =======         ======
           core_en                 000002B5        Segment part 10 (main)
           mode                    000002B4        main (main)
    -------------------------------------------------------------------------
NEAR_Z
  Relative segment, address: DATA 000002B6 - 000002B6 (0x1 bytes), align: 0
  Segment part 30.
           ENTRY                   ADDRESS         REF BY
           =====                   =======         ======
           hmi_en                  000002B6        hmi_ssuccess_start(uint8_t *) (shell)
    -------------------------------------------------------------------------
NEAR_Z
  Relative segment, address: DATA 000002B7 - 000002B7 (0x1 bytes), align: 0
  Segment part 31.            Intra module refs:   edit_program(uint8_t, uint16_t)
                                                   upload_program(uint8_t)
           ENTRY                   ADDRESS         REF BY
           =====                   =======         ======
           download_ch             000002B7 
    -------------------------------------------------------------------------
CODE
  Relative segment, address: CODE 00000356 - 00000383 (0x2e bytes), align: 1
  Segment part 36.            Intra module refs:   Segment part 34
           LOCAL                   ADDRESS         
           =====                   =======         
           __sti__routine()        00000356 
               calls direct
               RSTACK = 00000000 ( 00000002 )
    -------------------------------------------------------------------------
CODE
  Relative segment, address: CODE 00000384 - 00000385 (0x2 bytes), align: 1
  Segment part 37.            Intra module refs:   __sti__routine()
    -------------------------------------------------------------------------
NEAR_Z
  Relative segment, address: DATA 000002B8 - 000002E7 (0x30 bytes), align: 0
  Segment part 32.            Intra module refs:   Segment part 104
                                                   __sti__routine()
                                                   init_core()
                                                   poll_prog()
           ENTRY                   ADDRESS         REF BY
           =====                   =======         ======
           ch                      000002B8        Segment part 24 (shell)
                                                   touch(uint8_t *) (shell)
    -------------------------------------------------------------------------
EEPROM_AN
  Relative segment, address: XDATA 00000010 - 0000001B (0xc bytes), align: 0
  Segment part 5. ROOT.       Intra module refs:   Segment part 89
                                                   channel_t::channel_t(uint8_t)
                                                   channel_t::inc_hyst()
                                                   channel_t::poll()
                                                   channel_t::toggle_status()
           ENTRY                   ADDRESS         REF BY
           =====                   =======         ======
           EEPROM_channel_data     00000010 
    -------------------------------------------------------------------------
EEPROM_AN
  Relative segment, address: XDATA 0000001E - 0000001E (0x1 bytes), align: 0
  Segment part 6. ROOT.       Intra module refs:   init_core()
                                                   set_mode_auto()
                                                   set_mode_manual()
           ENTRY                   ADDRESS         REF BY
           =====                   =======         ======
           EEPROM_mode             0000001E 
    -------------------------------------------------------------------------
EEPROM_AN
  Relative segment, address: XDATA 00000030 - 0000009B (0x6c bytes), align: 0
  Segment part 7. ROOT.       Intra module refs:   Segment part 112
                                                   edit_program(uint8_t, uint16_t)
                                                   init_core()
                                                   poll_prog()
                                                   upload_program(uint8_t)
           ENTRY                   ADDRESS         REF BY
           =====                   =======         ======
           EEPROM_ch_prog          00000030 
    -------------------------------------------------------------------------
NEAR_Z
  Relative segment, address: DATA 000002E8 - 00000353 (0x6c bytes), align: 0
  Segment part 33.            Intra module refs:   init_core()
           ENTRY                   ADDRESS         REF BY
           =====                   =======         ======
           prog                    000002E8 
    -------------------------------------------------------------------------
CODE
  Relative segment, address: CODE 00000386 - 000003BD (0x38 bytes), align: 1
  Segment part 38.            Intra module refs:   Segment part 37
           ENTRY                   ADDRESS         REF BY
           =====                   =======         ======
           channel_t::channel_t(uint8_t)
                                   00000386 
               RSTACK = 00000000 ( 00000004 )
    -------------------------------------------------------------------------
CODE
  Relative segment, address: CODE 000003BE - 000003CF (0x12 bytes), align: 1
  Segment part 39.            Intra module refs:   init_core()
           ENTRY                   ADDRESS         REF BY
           =====                   =======         ======
           channel_t::time_service_init()
                                   000003BE 
               calls direct
               CSTACK = 00000000 ( 00000002 )
               RSTACK = 00000000 ( 00000002 )
    -------------------------------------------------------------------------
CODE
  Relative segment, address: CODE 000003D0 - 000003D1 (0x2 bytes), align: 1
  Segment part 40.            Intra module refs:   channel_t::off(uint8_t)
                                                   channel_t::time_service_init()
    -------------------------------------------------------------------------
CODE
  Relative segment, address: CODE 000003D2 - 000003D3 (0x2 bytes), align: 1
  Segment part 41.            Intra module refs:   Segment part 40
                                                   Segment part 70
                                                   channel_t::poll()
    -------------------------------------------------------------------------
CODE
  Relative segment, address: CODE 000003D4 - 000003D9 (0x6 bytes), align: 1
  Segment part 42.            Intra module refs:   Segment part 41
                                                   Segment part 61
                                                   channel_t::poll()
    -------------------------------------------------------------------------
CODE
  Relative segment, address: CODE 000003DA - 0000055D (0x184 bytes), align: 1
  Segment part 43.            Intra module refs:   poll_core()
           ENTRY                   ADDRESS         REF BY
           =====                   =======         ======
           channel_t::poll()       000003DA 
               calls direct
               CSTACK = 00000000 ( 00000023 )
               RSTACK = 00000000 ( 00000004 )
    -------------------------------------------------------------------------
CODE
  Relative segment, address: CODE 0000055E - 00000563 (0x6 bytes), align: 1
  Segment part 44.            Intra module refs:   channel_t::in_transition()
                                                   channel_t::poll()
    -------------------------------------------------------------------------
CODE
  Relative segment, address: CODE 00000564 - 00000569 (0x6 bytes), align: 1
  Segment part 45.            Intra module refs:   channel_t::poll()
    -------------------------------------------------------------------------
CODE
  Relative segment, address: CODE 0000056A - 0000056F (0x6 bytes), align: 1
  Segment part 46.            Intra module refs:   Segment part 45
                                                   Segment part 67
    -------------------------------------------------------------------------
CODE
  Relative segment, address: CODE 00000570 - 0000057B (0xc bytes), align: 1
  Segment part 47.            Intra module refs:   channel_t::poll()
    -------------------------------------------------------------------------
CODE
  Relative segment, address: CODE 0000057C - 00000583 (0x8 bytes), align: 1
  Segment part 48.            Intra module refs:   Segment part 47
                                                   channel_t::on(uint8_t, uint8_t)
                                                   channel_t::poll()
    -------------------------------------------------------------------------
CODE
  Relative segment, address: CODE 00000584 - 0000058D (0xa bytes), align: 1
  Segment part 49.            Intra module refs:   Segment part 45
                                                   Segment part 47
    -------------------------------------------------------------------------
CODE
  Relative segment, address: CODE 0000058E - 00000591 (0x4 bytes), align: 1
  Segment part 50.            Intra module refs:   channel_t::poll()
    -------------------------------------------------------------------------
CODE
  Relative segment, address: CODE 00000592 - 00000593 (0x2 bytes), align: 1
  Segment part 51.            Intra module refs:   Segment part 49
                                                   Segment part 50
                                                   channel_t::inc_hyst()
                                                   channel_t::toggle_status()
    -------------------------------------------------------------------------
CODE
  Relative segment, address: CODE 00000594 - 00000599 (0x6 bytes), align: 1
  Segment part 52.            Intra module refs:   Segment part 51
                                                   Segment part 69
                                                   channel_t::refresh_hyst()
    -------------------------------------------------------------------------
CODE
  Relative segment, address: CODE 0000059A - 000005A3 (0xa bytes), align: 1
  Segment part 53.            Intra module refs:   channel_t::poll()
    -------------------------------------------------------------------------
CODE
  Relative segment, address: CODE 000005A4 - 000005A5 (0x2 bytes), align: 1
  Segment part 54.            Intra module refs:   Segment part 53
                                                   channel_t::toggle_status()
    -------------------------------------------------------------------------
CODE
  Relative segment, address: CODE 000005A6 - 000005AB (0x6 bytes), align: 1
  Segment part 55.            Intra module refs:   Segment part 54
                                                   channel_t::poll()
    -------------------------------------------------------------------------
CODE
  Relative segment, address: CODE 000005AC - 000005B3 (0x8 bytes), align: 1
  Segment part 56.            Intra module refs:   Segment part 53
                                                   channel_t::on(uint8_t, uint8_t)
                                                   channel_t::poll()
    -------------------------------------------------------------------------
CODE
  Relative segment, address: CODE 000005B4 - 00000633 (0x80 bytes), align: 1
  Segment part 57.            Intra module refs:   Segment part 74
           ENTRY                   ADDRESS         REF BY
           =====                   =======         ======
           channel_t::on(uint8_t, uint8_t)
                                   000005B4 
               calls direct
               CSTACK = 00000000 ( 00000014 )
               RSTACK = 00000000 ( 00000004 )
    -------------------------------------------------------------------------
CODE
  Relative segment, address: CODE 00000634 - 00000655 (0x22 bytes), align: 1
  Segment part 58.            Intra module refs:   channel_t::on(uint8_t, uint8_t)
    -------------------------------------------------------------------------
CODE
  Relative segment, address: CODE 00000656 - 00000659 (0x4 bytes), align: 1
  Segment part 59.            Intra module refs:   Segment part 114
                                                   Segment part 58
    -------------------------------------------------------------------------
CODE
  Relative segment, address: CODE 0000065A - 000006C9 (0x70 bytes), align: 1
  Segment part 60.            Intra module refs:   Segment part 64
           ENTRY                   ADDRESS         REF BY
           =====                   =======         ======
           channel_t::off(uint8_t)
                                   0000065A 
               calls direct
               CSTACK = 00000000 ( 0000000B )
               RSTACK = 00000000 ( 00000004 )
    -------------------------------------------------------------------------
CODE
  Relative segment, address: CODE 000006CA - 000006DB (0x12 bytes), align: 1
  Segment part 61.            Intra module refs:   Segment part 58
                                                   channel_t::off(uint8_t)
    -------------------------------------------------------------------------
CODE
  Relative segment, address: CODE 000006DC - 000006E5 (0xa bytes), align: 1
  Segment part 62.            Intra module refs:   channel_t::off(uint8_t)
                                                   channel_t::on(uint8_t, uint8_t)
    -------------------------------------------------------------------------
CODE
  Relative segment, address: CODE 000006E6 - 000006E9 (0x4 bytes), align: 1
  Segment part 63.            Intra module refs:   channel_t::off(uint8_t)
                                                   channel_t::poll()
    -------------------------------------------------------------------------
CODE
  Relative segment, address: CODE 000006EA - 000006EB (0x2 bytes), align: 1
  Segment part 64.            Intra module refs:   channel_t::off(uint8_t)
                                                   channel_t::poll()
                                                   channel_t::toggle(uint8_t)
                                                   poll_prog()
    -------------------------------------------------------------------------
CODE
  Relative segment, address: CODE 000006EC - 000006EF (0x4 bytes), align: 1
  Segment part 65.            Intra module refs:   channel_t::off(uint8_t)
                                                   channel_t::on(uint8_t, uint8_t)
    -------------------------------------------------------------------------
CODE
  Relative segment, address: CODE 000006F0 - 000006F5 (0x6 bytes), align: 1
  Segment part 66.            Intra module refs:   Segment part 65
                                                   channel_t::off(uint8_t)
                                                   channel_t::on(uint8_t, uint8_t)
    -------------------------------------------------------------------------
CODE
  Relative segment, address: CODE 000006F6 - 000006FB (0x6 bytes), align: 1
  Segment part 67.            Intra module refs:   channel_t::off(uint8_t)
                                                   channel_t::on(uint8_t, uint8_t)
    -------------------------------------------------------------------------
CODE
  Relative segment, address: CODE 000006FC - 000006FF (0x4 bytes), align: 1
  Segment part 68.            Intra module refs:   Segment part 67
                                                   Segment part 81
    -------------------------------------------------------------------------
CODE
  Relative segment, address: CODE 00000700 - 00000705 (0x6 bytes), align: 1
  Segment part 69.            Intra module refs:   Segment part 68
                                                   channel_t::on(uint8_t, uint8_t)
                                                   channel_t::refresh_status()
    -------------------------------------------------------------------------
CODE
  Relative segment, address: CODE 00000706 - 0000070B (0x6 bytes), align: 1
  Segment part 70.            Intra module refs:   channel_t::off(uint8_t)
                                                   channel_t::on(uint8_t, uint8_t)
    -------------------------------------------------------------------------
CODE
  Relative segment, address: CODE 0000070C - 0000070D (0x2 bytes), align: 1
  Segment part 71.            Intra module refs:   Segment part 58
                                                   Segment part 70
                                                   channel_t::off(uint8_t)
    -------------------------------------------------------------------------
CODE
  Relative segment, address: CODE 0000070E - 00000711 (0x4 bytes), align: 1
  Segment part 72.            Intra module refs:   Segment part 71
                                                   channel_t::time_service_init()
    -------------------------------------------------------------------------
CODE
  Relative segment, address: CODE 00000712 - 0000071B (0xa bytes), align: 1
  Segment part 73.
           ENTRY                   ADDRESS         REF BY
           =====                   =======         ======
           channel_t::toggle(uint8_t)
                                   00000712        touch(uint8_t *) (shell)
               calls direct
               RSTACK = 00000000 ( 00000002 )
    -------------------------------------------------------------------------
CODE
  Relative segment, address: CODE 0000071C - 0000071D (0x2 bytes), align: 1
  Segment part 74.            Intra module refs:   Segment part 115
                                                   channel_t::on(uint8_t, uint8_t)
                                                   channel_t::poll()
                                                   channel_t::toggle(uint8_t)
    -------------------------------------------------------------------------
CODE
  Relative segment, address: CODE 0000071E - 0000073D (0x20 bytes), align: 1
  Segment part 76.            Intra module refs:   refresh_buttons()
           ENTRY                   ADDRESS         REF BY
           =====                   =======         ======
           channel_t::refresh_buttons()
                                   0000071E 
               calls direct
               CSTACK = 00000000 ( 0000000B )
               RSTACK = 00000000 ( 00000004 )
    -------------------------------------------------------------------------
CODE
  Relative segment, address: CODE 0000073E - 0000073F (0x2 bytes), align: 1
  Segment part 77.            Intra module refs:   channel_t::off(uint8_t)
                                                   channel_t::refresh_buttons()
                                                   channel_t::refresh_state()
    -------------------------------------------------------------------------
CODE
  Relative segment, address: CODE 00000740 - 00000745 (0x6 bytes), align: 1
  Segment part 78.            Intra module refs:   Segment part 77
                                                   channel_t::on(uint8_t, uint8_t)
                                                   channel_t::refresh_hyst()
                                                   channel_t::refresh_status()
                                                   channel_t::time_service_init()
    -------------------------------------------------------------------------
CODE
  Relative segment, address: CODE 00000746 - 00000765 (0x20 bytes), align: 1
  Segment part 79.            Intra module refs:   refresh_state()
           ENTRY                   ADDRESS         REF BY
           =====                   =======         ======
           channel_t::refresh_state()
                                   00000746 
               calls direct
               CSTACK = 00000000 ( 0000000B )
               RSTACK = 00000000 ( 00000004 )
    -------------------------------------------------------------------------
CODE
  Relative segment, address: CODE 00000766 - 0000076B (0x6 bytes), align: 1
  Segment part 80.            Intra module refs:   channel_t::on(uint8_t, uint8_t)
                                                   channel_t::refresh_hyst()
                                                   channel_t::refresh_state()
                                                   channel_t::refresh_status()
                                                   channel_t::time_service_init()
    -------------------------------------------------------------------------
CODE
  Relative segment, address: CODE 0000076C - 00000773 (0x8 bytes), align: 1
  Segment part 81.            Intra module refs:   channel_t::refresh_buttons()
                                                   channel_t::refresh_state()
    -------------------------------------------------------------------------
CODE
  Relative segment, address: CODE 00000774 - 00000777 (0x4 bytes), align: 1
  Segment part 82.            Intra module refs:   Segment part 123
                                                   Segment part 47
                                                   Segment part 58
                                                   Segment part 81
                                                   channel_t::off(uint8_t)
                                                   channel_t::poll()
                                                   switch_mode()
                                                   upload_program(uint8_t)
    -------------------------------------------------------------------------
CODE
  Relative segment, address: CODE 00000778 - 000007A9 (0x32 bytes), align: 1
  Segment part 83.            Intra module refs:   refresh_status()
           ENTRY                   ADDRESS         REF BY
           =====                   =======         ======
           channel_t::refresh_status()
                                   00000778 
               calls direct
               CSTACK = 00000000 ( 0000000E )
               RSTACK = 00000000 ( 00000004 )
    -------------------------------------------------------------------------
CODE
  Relative segment, address: CODE 000007AA - 000007AF (0x6 bytes), align: 1
  Segment part 84.            Intra module refs:   channel_t::off(uint8_t)
                                                   channel_t::refresh_buttons()
    -------------------------------------------------------------------------
CODE
  Relative segment, address: CODE 000007B0 - 000007B3 (0x4 bytes), align: 1
  Segment part 85.            Intra module refs:   Segment part 84
                                                   channel_t::on(uint8_t, uint8_t)
                                                   channel_t::refresh_status()
    -------------------------------------------------------------------------
CODE
  Relative segment, address: CODE 000007B4 - 000007B9 (0x6 bytes), align: 1
  Segment part 86.            Intra module refs:   Segment part 85
                                                   channel_t::channel_t(uint8_t)
                                                   channel_t::toggle_status()
    -------------------------------------------------------------------------
CODE
  Relative segment, address: CODE 000007BA - 00000819 (0x60 bytes), align: 1
  Segment part 87.
           ENTRY                   ADDRESS         REF BY
           =====                   =======         ======
           channel_t::toggle_status()
                                   000007BA        touch(uint8_t *) (shell)
               CSTACK = 00000000 ( 00000004 )
               RSTACK = 00000000 ( 00000004 )
    -------------------------------------------------------------------------
CODE
  Relative segment, address: CODE 0000081A - 00000821 (0x8 bytes), align: 1
  Segment part 88.            Intra module refs:   channel_t::toggle_status()
    -------------------------------------------------------------------------
CODE
  Relative segment, address: CODE 00000822 - 00000829 (0x8 bytes), align: 1
  Segment part 89.            Intra module refs:   Segment part 53
                                                   channel_t::toggle_status()
    -------------------------------------------------------------------------
CODE
  Relative segment, address: CODE 0000082A - 0000082D (0x4 bytes), align: 1
  Segment part 90.            Intra module refs:   Segment part 119
                                                   Segment part 89
                                                   channel_t::inc_hyst()
                                                   edit_program(uint8_t, uint16_t)
    -------------------------------------------------------------------------
CODE
  Relative segment, address: CODE 0000082E - 00000851 (0x24 bytes), align: 1
  Segment part 91.            Intra module refs:   refresh_hyst()
           ENTRY                   ADDRESS         REF BY
           =====                   =======         ======
           channel_t::refresh_hyst()
                                   0000082E 
               calls direct
               CSTACK = 00000000 ( 0000000D )
               RSTACK = 00000000 ( 00000004 )
    -------------------------------------------------------------------------
CODE
  Relative segment, address: CODE 00000852 - 00000873 (0x22 bytes), align: 1
  Segment part 92.
           ENTRY                   ADDRESS         REF BY
           =====                   =======         ======
           channel_t::inc_hyst()   00000852        touch(uint8_t *) (shell)
               RSTACK = 00000000 ( 00000004 )
    -------------------------------------------------------------------------
CODE
  Relative segment, address: CODE 00000874 - 00000877 (0x4 bytes), align: 1
  Segment part 93.
           ENTRY                   ADDRESS         REF BY
           =====                   =======         ======
           channel_t::in_transition()
                                   00000874        Segment part 24 (shell)
               calls direct
               RSTACK = 00000000 ( 00000002 )
    -------------------------------------------------------------------------
CODE
  Relative segment, address: CODE 00000878 - 0000093D (0xc6 bytes), align: 1
  Segment part 94.
           ENTRY                   ADDRESS         REF BY
           =====                   =======         ======
           init_core()             00000878        init() (main)
               calls direct
               CSTACK = 00000000 ( 00000004 )
               RSTACK = 00000000 ( 00000004 )
    -------------------------------------------------------------------------
CODE
  Relative segment, address: CODE 0000093E - 0000093F (0x2 bytes), align: 1
  Segment part 95.            Intra module refs:   init_core()
                                                   poll_prog()
    -------------------------------------------------------------------------
CODE
  Relative segment, address: CODE 00000940 - 00000943 (0x4 bytes), align: 1
  Segment part 96.            Intra module refs:   Segment part 95
                                                   channel_t::channel_t(uint8_t)
                                                   channel_t::poll()
                                                   init_core()
                                                   upload_program(uint8_t)
    -------------------------------------------------------------------------
CODE
  Relative segment, address: CODE 00000944 - 0000094F (0xc bytes), align: 1
  Segment part 98.
           ENTRY                   ADDRESS         REF BY
           =====                   =======         ======
           refresh_buttons()       00000944        Segment part 28 (shell)
                                                   main (main)
               calls direct
               CSTACK = 00000000 ( 00000001 )
               RSTACK = 00000000 ( 00000004 )
    -------------------------------------------------------------------------
CODE
  Relative segment, address: CODE 00000950 - 00000959 (0xa bytes), align: 1
  Segment part 99.
           ENTRY                   ADDRESS         REF BY
           =====                   =======         ======
           refresh_state()         00000950        Segment part 28 (shell)
               calls direct
               CSTACK = 00000000 ( 00000001 )
               RSTACK = 00000000 ( 00000004 )
    -------------------------------------------------------------------------
CODE
  Relative segment, address: CODE 0000095A - 0000095D (0x4 bytes), align: 1
  Segment part 100.           Intra module refs:   poll_core()
                                                   refresh_buttons()
                                                   refresh_hyst()
                                                   refresh_state()
                                                   refresh_status()
    -------------------------------------------------------------------------
CODE
  Relative segment, address: CODE 0000095E - 00000963 (0x6 bytes), align: 1
  Segment part 101.           Intra module refs:   init_core()
                                                   poll_core()
                                                   refresh_buttons()
                                                   refresh_hyst()
                                                   refresh_state()
                                                   refresh_status()
    -------------------------------------------------------------------------
CODE
  Relative segment, address: CODE 00000964 - 0000096F (0xc bytes), align: 1
  Segment part 102.
           ENTRY                   ADDRESS         REF BY
           =====                   =======         ======
           refresh_status()        00000964        Segment part 23 (shell)
               calls direct
               CSTACK = 00000000 ( 00000001 )
               RSTACK = 00000000 ( 00000004 )
    -------------------------------------------------------------------------
CODE
  Relative segment, address: CODE 00000970 - 00000975 (0x6 bytes), align: 1
  Segment part 103.           Intra module refs:   poll_core()
                                                   refresh_buttons()
                                                   refresh_hyst()
                                                   refresh_state()
                                                   refresh_status()
    -------------------------------------------------------------------------
CODE
  Relative segment, address: CODE 00000976 - 00000983 (0xe bytes), align: 1
  Segment part 104.           Intra module refs:   poll_core()
                                                   refresh_buttons()
                                                   refresh_hyst()
                                                   refresh_state()
                                                   refresh_status()
    -------------------------------------------------------------------------
CODE
  Relative segment, address: CODE 00000984 - 0000098F (0xc bytes), align: 1
  Segment part 105.
           ENTRY                   ADDRESS         REF BY
           =====                   =======         ======
           refresh_hyst()          00000984        Segment part 22 (shell)
               calls direct
               CSTACK = 00000000 ( 00000001 )
               RSTACK = 00000000 ( 00000004 )
    -------------------------------------------------------------------------
CODE
  Relative segment, address: CODE 00000990 - 0000099B (0xc bytes), align: 1
  Segment part 106.
           ENTRY                   ADDRESS         REF BY
           =====                   =======         ======
           poll_core()             00000990        Segment part 9 (main)
               calls direct
               CSTACK = 00000000 ( 00000001 )
               RSTACK = 00000000 ( 00000004 )
    -------------------------------------------------------------------------
CODE
  Relative segment, address: CODE 0000099C - 000009E1 (0x46 bytes), align: 1
  Segment part 107.
           ENTRY                   ADDRESS         REF BY
           =====                   =======         ======
           poll_hmi()              0000099C        Segment part 9 (main)
               calls direct
               CSTACK = 00000000 ( 00000013 )
               RSTACK = 00000000 ( 00000004 )
    -------------------------------------------------------------------------
CODE
  Relative segment, address: CODE 000009E2 - 000009E7 (0x6 bytes), align: 1
  Segment part 108.           Intra module refs:   channel_t::toggle_status()
                                                   edit_program(uint8_t, uint16_t)
                                                   init_core()
                                                   poll_hmi()
    -------------------------------------------------------------------------
CODE
  Relative segment, address: CODE 000009E8 - 000009EB (0x4 bytes), align: 1
  Segment part 109.           Intra module refs:   channel_t::toggle_status()
                                                   edit_program(uint8_t, uint16_t)
                                                   init_core()
                                                   poll_hmi()
    -------------------------------------------------------------------------
CODE
  Relative segment, address: CODE 000009EC - 000009F3 (0x8 bytes), align: 1
  Segment part 110.           Intra module refs:   channel_t::poll()
                                                   poll_hmi()
    -------------------------------------------------------------------------
CODE
  Relative segment, address: CODE 000009F4 - 00000A93 (0xa0 bytes), align: 1
  Segment part 111.
           ENTRY                   ADDRESS         REF BY
           =====                   =======         ======
           poll_prog()             000009F4        main (main)
               calls direct
               CSTACK = 00000000 ( 00000003 )
               RSTACK = 00000000 ( 00000004 )
    -------------------------------------------------------------------------
CODE
  Relative segment, address: CODE 00000A94 - 00000A9D (0xa bytes), align: 1
  Segment part 112.           Intra module refs:   init_core()
                                                   poll_prog()
    -------------------------------------------------------------------------
CODE
  Relative segment, address: CODE 00000A9E - 00000AAD (0x10 bytes), align: 1
  Segment part 113.           Intra module refs:   poll_prog()
    -------------------------------------------------------------------------
CODE
  Relative segment, address: CODE 00000AAE - 00000AB1 (0x4 bytes), align: 1
  Segment part 114.           Intra module refs:   poll_prog()
    -------------------------------------------------------------------------
CODE
  Relative segment, address: CODE 00000AB2 - 00000AB7 (0x6 bytes), align: 1
  Segment part 115.           Intra module refs:   poll_prog()
    -------------------------------------------------------------------------
CODE
  Relative segment, address: CODE 00000AB8 - 00000ABF (0x8 bytes), align: 1
  Segment part 116.           Intra module refs:   Segment part 104
                                                   init_core()
                                                   poll_prog()
    -------------------------------------------------------------------------
CODE
  Relative segment, address: CODE 00000AC0 - 00000AC7 (0x8 bytes), align: 1
  Segment part 117.
           ENTRY                   ADDRESS         REF BY
           =====                   =======         ======
           set_mode_auto()         00000AC0        touch(uint8_t *) (shell)
               RSTACK = 00000000 ( 00000004 )
    -------------------------------------------------------------------------
CODE
  Relative segment, address: CODE 00000AC8 - 00000ACD (0x6 bytes), align: 1
  Segment part 118.
           ENTRY                   ADDRESS         REF BY
           =====                   =======         ======
           set_mode_manual()       00000AC8        touch(uint8_t *) (shell)
               RSTACK = 00000000 ( 00000004 )
    -------------------------------------------------------------------------
CODE
  Relative segment, address: CODE 00000ACE - 00000AD5 (0x8 bytes), align: 1
  Segment part 119.           Intra module refs:   set_mode_auto()
                                                   set_mode_manual()
    -------------------------------------------------------------------------
CODE
  Relative segment, address: CODE 00000AD6 - 00000AF3 (0x1e bytes), align: 1
  Segment part 120.
           ENTRY                   ADDRESS         REF BY
           =====                   =======         ======
           switch_mode()           00000AD6        main (main)
               calls direct
               RSTACK = 00000000 ( 00000002 )
    -------------------------------------------------------------------------
CODE
  Relative segment, address: CODE 00000AF4 - 00000BCD (0xda bytes), align: 1
  Segment part 121.
           ENTRY                   ADDRESS         REF BY
           =====                   =======         ======
           upload_program(uint8_t)
                                   00000AF4        touch(uint8_t *) (shell)
               calls direct
               CSTACK = 00000000 ( 00000029 )
               RSTACK = 00000000 ( 00000004 )
    -------------------------------------------------------------------------
CODE
  Relative segment, address: CODE 00000BCE - 00000BD3 (0x6 bytes), align: 1
  Segment part 122.           Intra module refs:   Segment part 130
                                                   Segment part 131
                                                   Segment part 58
                                                   channel_t::off(uint8_t)
                                                   upload_program(uint8_t)
    -------------------------------------------------------------------------
CODE
  Relative segment, address: CODE 00000BD4 - 00000BD7 (0x4 bytes), align: 1
  Segment part 123.           Intra module refs:   channel_t::refresh_hyst()
                                                   channel_t::refresh_status()
                                                   poll_hmi()
    -------------------------------------------------------------------------
CODE
  Relative segment, address: CODE 00000BD8 - 00000BD9 (0x2 bytes), align: 1
  Segment part 124.           Intra module refs:   upload_program(uint8_t)
    -------------------------------------------------------------------------
CODE
  Relative segment, address: CODE 00000BDA - 00000BDD (0x4 bytes), align: 1
  Segment part 125.           Intra module refs:   Segment part 124
                                                   Segment part 130
    -------------------------------------------------------------------------
CODE
  Relative segment, address: CODE 00000BDE - 00000BE5 (0x8 bytes), align: 1
  Segment part 126.           Intra module refs:   upload_program(uint8_t)
    -------------------------------------------------------------------------
CODE
  Relative segment, address: CODE 00000BE6 - 00000BE9 (0x4 bytes), align: 1
  Segment part 127.           Intra module refs:   channel_t::poll()
                                                   upload_program(uint8_t)
    -------------------------------------------------------------------------
CODE
  Relative segment, address: CODE 00000BEA - 00000BEF (0x6 bytes), align: 1
  Segment part 128.           Intra module refs:   Segment part 127
                                                   Segment part 49
                                                   Segment part 69
                                                   channel_t::refresh_hyst()
                                                   poll_hmi()
                                                   upload_program(uint8_t)
    -------------------------------------------------------------------------
CODE
  Relative segment, address: CODE 00000BF0 - 00000BFF (0x10 bytes), align: 1
  Segment part 129.           Intra module refs:   upload_program(uint8_t)
    -------------------------------------------------------------------------
CODE
  Relative segment, address: CODE 00000C00 - 00000C05 (0x6 bytes), align: 1
  Segment part 130.           Intra module refs:   Segment part 126
                                                   Segment part 129
    -------------------------------------------------------------------------
CODE
  Relative segment, address: CODE 00000C06 - 00000C09 (0x4 bytes), align: 1
  Segment part 131.           Intra module refs:   Segment part 124
                                                   Segment part 129
    -------------------------------------------------------------------------
CODE
  Relative segment, address: CODE 00000C0A - 00000C0D (0x4 bytes), align: 1
  Segment part 132.           Intra module refs:   Segment part 129
                                                   Segment part 130
                                                   Segment part 131
                                                   upload_program(uint8_t)
    -------------------------------------------------------------------------
CODE
  Relative segment, address: CODE 00000C0E - 00000C15 (0x8 bytes), align: 1
  Segment part 133.           Intra module refs:   Segment part 114
                                                   init_core()
                                                   upload_program(uint8_t)
    -------------------------------------------------------------------------
CODE
  Relative segment, address: CODE 00000C16 - 00000C17 (0x2 bytes), align: 1
  Segment part 134.           Intra module refs:   edit_program(uint8_t, uint16_t)
                                                   init_core()
                                                   poll_prog()
    -------------------------------------------------------------------------
CODE
  Relative segment, address: CODE 00000C18 - 00000C19 (0x2 bytes), align: 1
  Segment part 135.           Intra module refs:   Segment part 134
                                                   upload_program(uint8_t)
    -------------------------------------------------------------------------
CODE
  Relative segment, address: CODE 00000C1A - 00000C1F (0x6 bytes), align: 1
  Segment part 136.           Intra module refs:   Segment part 134
                                                   Segment part 135
                                                   Segment part 58
                                                   channel_t::off(uint8_t)
                                                   poll_prog()
    -------------------------------------------------------------------------
CODE
  Relative segment, address: CODE 00000C20 - 00000C6D (0x4e bytes), align: 1
  Segment part 137.           Intra module refs:   Segment part 138
           ENTRY                   ADDRESS         REF BY
           =====                   =======         ======
           edit_program(uint8_t, uint16_t)
                                   00000C20        numeric_return(uint8_t *) (shell)
               CSTACK = 00000000 ( 00000004 )
               RSTACK = 00000000 ( 00000004 )
    -------------------------------------------------------------------------
NEAR_ID
  Relative segment, address: CODE 00001706 - 00001713 (0xe bytes), align: 0
  Segment part 16.            Intra module refs:   Segment part 15
    -------------------------------------------------------------------------
INITTAB
  Relative segment, address: CODE 00001700 - 00001705 (0x6 bytes), align: 0
  Segment part 17.            Intra module refs:   Segment part 13 (shell)
                                                   Segment part 15
                                                   Segment part 19
                                                   Segment part 8 (shell)
           ENTRY                   ADDRESS         REF BY
           =====                   =======         ======
           ?<Segment init: NEAR_I>
                                   00001700 
    -------------------------------------------------------------------------
NEAR_ID
  Relative segment, address: CODE 00001714 - 0000177F (0x6c bytes), align: 0
  Segment part 20.            Intra module refs:   Segment part 19
    -------------------------------------------------------------------------
DIFUNCT
  Relative segment, address: CODE 00000172 - 00000173 (0x2 bytes), align: 0
  Segment part 34. ROOT.
    -------------------------------------------------------------------------
SWITCH
  Relative segment, address: CODE 0000015A - 00000171 (0x18 bytes), align: 1
  Segment part 138.           Intra module refs:   edit_program(uint8_t, uint16_t)
    -------------------------------------------------------------------------
NEAR_I
  Relative segment, address: DATA 00000200 - 0000020D (0xe bytes), align: 0
  Segment part 15.            Intra module refs:   switch_mode()
    -------------------------------------------------------------------------
NEAR_F
  Relative segment, address: CODE 00000068 - 00000076 (0xf bytes), align: 0
  Segment part 14.            Intra module refs:   poll_hmi()
    -------------------------------------------------------------------------
NEAR_F
  Relative segment, address: CODE 00000077 - 00000099 (0x23 bytes), align: 0
  Segment part 18.            Intra module refs:   upload_program(uint8_t)
    -------------------------------------------------------------------------
NEAR_F
  Relative segment, address: CODE 0000009A - 000000DE (0x45 bytes), align: 0
  Segment part 21.            Intra module refs:   channel_t::poll()
    -------------------------------------------------------------------------
NEAR_F
  Relative segment, address: CODE 000000DF - 000000F9 (0x1b bytes), align: 0
  Segment part 22.            Intra module refs:   channel_t::refresh_buttons()
    -------------------------------------------------------------------------
NEAR_I
  Relative segment, address: DATA 0000020E - 00000279 (0x6c bytes), align: 0
  Segment part 19.            Intra module refs:   channel_t::poll()
    -------------------------------------------------------------------------
NEAR_F
  Relative segment, address: CODE 000000FA - 0000010B (0x12 bytes), align: 0
  Segment part 23.            Intra module refs:   channel_t::refresh_state()
    -------------------------------------------------------------------------
NEAR_F
  Relative segment, address: CODE 0000010C - 0000012F (0x24 bytes), align: 0
  Segment part 24.            Intra module refs:   channel_t::refresh_status()
    -------------------------------------------------------------------------
NEAR_F
  Relative segment, address: CODE 00000130 - 0000013A (0xb bytes), align: 0
  Segment part 25.            Intra module refs:   channel_t::refresh_hyst()
    -------------------------------------------------------------------------
NEAR_F
  Relative segment, address: CODE 0000013B - 0000014C (0x12 bytes), align: 0
  Segment part 26.            Intra module refs:   channel_t::on(uint8_t, uint8_t)
    -------------------------------------------------------------------------
NEAR_F
  Relative segment, address: CODE 0000014D - 00000155 (0x9 bytes), align: 0
  Segment part 27.            Intra module refs:   channel_t::off(uint8_t)

    *************************************************************************

  FILE NAME : D:\IAR_PRJ\6ch\Release\Obj\main.r90
  PROGRAM MODULE, NAME : main

  SEGMENTS IN THE MODULE
  ======================
CODE
  Relative segment, address: CODE 00000C6E - 00000C8D (0x20 bytes), align: 1
  Segment part 7.             Intra module refs:   main
[...]
CODE
  Relative segment, address: CODE 0000166E - 0000166F (0x2 bytes), align: 1
  Segment part 6.             Intra module refs:   ?PROLOGUE11_L09
           ENTRY                   ADDRESS         REF BY
           =====                   =======         ======
           ?PROLOGUE10_L09         0000166E 
    -------------------------------------------------------------------------
CODE
  Relative segment, address: CODE 00001670 - 00001671 (0x2 bytes), align: 1
  Segment part 7.             Intra module refs:   ?PROLOGUE10_L09
           ENTRY                   ADDRESS         REF BY
           =====                   =======         ======
           ?PROLOGUE9_L09          00001670 
    -------------------------------------------------------------------------
CODE
  Relative segment, address: CODE 00001672 - 00001673 (0x2 bytes), align: 1
  Segment part 8.             Intra module refs:   ?PROLOGUE9_L09
           ENTRY                   ADDRESS         REF BY
           =====                   =======         ======
           ?PROLOGUE8_L09          00001672        __call_ctors (?cppinit)
    -------------------------------------------------------------------------
CODE
  Relative segment, address: CODE 00001674 - 00001675 (0x2 bytes), align: 1
  Segment part 9.             Intra module refs:   ?PROLOGUE8_L09
           ENTRY                   ADDRESS         REF BY
           =====                   =======         ======
           ?PROLOGUE7_L09          00001674 
    -------------------------------------------------------------------------
CODE
  Relative segment, address: CODE 00001676 - 00001677 (0x2 bytes), align: 1
  Segment part 10.            Intra module refs:   ?PROLOGUE7_L09
           ENTRY                   ADDRESS         REF BY
           =====                   =======         ======
           ?PROLOGUE6_L09          00001676        upload_program(uint8_t) (core)
    -------------------------------------------------------------------------
CODE
  Relative segment, address: CODE 00001678 - 00001679 (0x2 bytes), align: 1
  Segment part 11.            Intra module refs:   ?PROLOGUE6_L09
           ENTRY                   ADDRESS         REF BY
           =====                   =======         ======
           ?PROLOGUE5_L09          00001678        touch(uint8_t *) (shell)
    -------------------------------------------------------------------------
CODE
  Relative segment, address: CODE 0000167A - 0000167B (0x2 bytes), align: 1
  Segment part 12.            Intra module refs:   ?PROLOGUE5_L09
           ENTRY                   ADDRESS         REF BY
           =====                   =======         ======
           ?PROLOGUE4_L09          0000167A        Segment part 109 (core)
    -------------------------------------------------------------------------
CODE
  Relative segment, address: CODE 0000167C - 0000167D (0x2 bytes), align: 1
  Segment part 13.            Intra module refs:   ?PROLOGUE4_L09
           ENTRY                   ADDRESS         REF BY
           =====                   =======         ======
           ?PROLOGUE3_L09          0000167C        poll_prog() (core)
    -------------------------------------------------------------------------
CODE
  Relative segment, address: CODE 0000167E - 0000167F (0x2 bytes), align: 1
  Segment part 14.            Intra module refs:   ?PROLOGUE3_L09
           ENTRY                   ADDRESS         REF BY
           =====                   =======         ======
           ?PROLOGUE2_L09          0000167E 
    -------------------------------------------------------------------------
CODE
  Relative segment, address: CODE 00001680 - 00001681 (0x2 bytes), align: 1
  Segment part 15.            Intra module refs:   ?PROLOGUE2_L09
           ENTRY                   ADDRESS         REF BY
           =====                   =======         ======
           ?PROLOGUE1_L09          00001680 
    -------------------------------------------------------------------------
CODE
  Relative segment, address: CODE 00001682 - 00001683 (0x2 bytes), align: 1
  Segment part 16.            Intra module refs:   ?PROLOGUE1_L09

    -------------------------------------------------------------------------
  LIBRARY MODULE, NAME : ?EPILOGUE_B_L09

  SEGMENTS IN THE MODULE
  ======================
CODE
  Relative segment, address: CODE 00001684 - 00001685 (0x2 bytes), align: 1
  Segment part 4.
           ENTRY                   ADDRESS         REF BY
           =====                   =======         ======
           ?EPILOGUE_B12_L09       00001684        channel_t::poll() (core)
    -------------------------------------------------------------------------
CODE
  Relative segment, address: CODE 00001686 - 00001687 (0x2 bytes), align: 1
  Segment part 5.             Intra module refs:   ?EPILOGUE_B12_L09
           ENTRY                   ADDRESS         REF BY
           =====                   =======         ======
           ?EPILOGUE_B11_L09       00001686 
    -------------------------------------------------------------------------
CODE
  Relative segment, address: CODE 00001688 - 00001689 (0x2 bytes), align: 1
  Segment part 6.             Intra module refs:   ?EPILOGUE_B11_L09
           ENTRY                   ADDRESS         REF BY
           =====                   =======         ======
           ?EPILOGUE_B10_L09       00001688 
    -------------------------------------------------------------------------
CODE
  Relative segment, address: CODE 0000168A - 0000168B (0x2 bytes), align: 1
  Segment part 7.             Intra module refs:   ?EPILOGUE_B10_L09
           ENTRY                   ADDRESS         REF BY
           =====                   =======         ======
           ?EPILOGUE_B9_L09        0000168A 
    -------------------------------------------------------------------------
CODE
  Relative segment, address: CODE 0000168C - 0000168D (0x2 bytes), align: 1
  Segment part 8.             Intra module refs:   ?EPILOGUE_B9_L09
           ENTRY                   ADDRESS         REF BY
           =====                   =======         ======
           ?EPILOGUE_B8_L09        0000168C        __call_ctors (?cppinit)
    -------------------------------------------------------------------------
CODE
  Relative segment, address: CODE 0000168E - 0000168F (0x2 bytes), align: 1
  Segment part 9.             Intra module refs:   ?EPILOGUE_B8_L09
           ENTRY                   ADDRESS         REF BY
           =====                   =======         ======
           ?EPILOGUE_B7_L09        0000168E 
    -------------------------------------------------------------------------
CODE
  Relative segment, address: CODE 00001690 - 00001691 (0x2 bytes), align: 1
  Segment part 10.            Intra module refs:   ?EPILOGUE_B7_L09
           ENTRY                   ADDRESS         REF BY
           =====                   =======         ======
           ?EPILOGUE_B6_L09        00001690        upload_program(uint8_t) (core)
    -------------------------------------------------------------------------
CODE
  Relative segment, address: CODE 00001692 - 00001693 (0x2 bytes), align: 1
  Segment part 11.            Intra module refs:   ?EPILOGUE_B6_L09
           ENTRY                   ADDRESS         REF BY
           =====                   =======         ======
           ?EPILOGUE_B5_L09        00001692        touch(uint8_t *) (shell)
    -------------------------------------------------------------------------
CODE
  Relative segment, address: CODE 00001694 - 00001695 (0x2 bytes), align: 1
  Segment part 12.            Intra module refs:   ?EPILOGUE_B5_L09
           ENTRY                   ADDRESS         REF BY
           =====                   =======         ======
           ?EPILOGUE_B4_L09        00001694        Segment part 108 (core)
    -------------------------------------------------------------------------
CODE
  Relative segment, address: CODE 00001696 - 00001697 (0x2 bytes), align: 1
  Segment part 13.            Intra module refs:   ?EPILOGUE_B4_L09
           ENTRY                   ADDRESS         REF BY
           =====                   =======         ======
           ?EPILOGUE_B3_L09        00001696        poll_prog() (core)
    -------------------------------------------------------------------------
CODE
  Relative segment, address: CODE 00001698 - 00001699 (0x2 bytes), align: 1
  Segment part 14.            Intra module refs:   ?EPILOGUE_B3_L09
           ENTRY                   ADDRESS         REF BY
           =====                   =======         ======
           ?EPILOGUE_B2_L09        00001698 
    -------------------------------------------------------------------------
CODE
  Relative segment, address: CODE 0000169A - 0000169B (0x2 bytes), align: 1
  Segment part 15.            Intra module refs:   ?EPILOGUE_B2_L09
           ENTRY                   ADDRESS         REF BY
           =====                   =======         ======
           ?EPILOGUE_B1_L09        0000169A 
    -------------------------------------------------------------------------
CODE
  Relative segment, address: CODE 0000169C - 000016A5 (0xa bytes), align: 1
  Segment part 16.            Intra module refs:   ?EPILOGUE_B1_L09
           ENTRY                   ADDRESS         REF BY
           =====                   =======         ======
           ?EPILOGUE_B0_L09        0000169C 

    -------------------------------------------------------------------------
  LIBRARY MODULE, NAME : ?REGISTER_CGREGR4_L10

  SEGMENTS IN THE MODULE
  ======================
CODE
  Relative segment, address: CODE 000016A6, align: 1
  Segment part 0.
           ENTRY                   ADDRESS         REF BY
           =====                   =======         ======
           ?Register_R4_is_cg_reg
                                   000016A6        __call_ctors (?cppinit)
                                                   channel_t::poll() (core)
                                                   touch(uint8_t *) (shell)
                                                   upload_program(uint8_t) (core)

    -------------------------------------------------------------------------
  LIBRARY MODULE, NAME : ?REGISTER_CGREGR5_L10

  SEGMENTS IN THE MODULE
  ======================
CODE
  Relative segment, address: CODE 000016A6, align: 1
  Segment part 0.
           ENTRY                   ADDRESS         REF BY
           =====                   =======         ======
           ?Register_R5_is_cg_reg
                                   000016A6        __call_ctors (?cppinit)
                                                   channel_t::poll() (core)
                                                   upload_program(uint8_t) (core)

    -------------------------------------------------------------------------
  LIBRARY MODULE, NAME : ?REGISTER_CGREGR6_L10

  SEGMENTS IN THE MODULE
  ======================
CODE
  Relative segment, address: CODE 000016A6, align: 1
  Segment part 0.
           ENTRY                   ADDRESS         REF BY
           =====                   =======         ======
           ?Register_R6_is_cg_reg
                                   000016A6        __call_ctors (?cppinit)

    -------------------------------------------------------------------------
  LIBRARY MODULE, NAME : ?REGISTER_CGREGR7_L10

  SEGMENTS IN THE MODULE
  ======================
CODE
  Relative segment, address: CODE 000016A6, align: 1
  Segment part 0.
           ENTRY                   ADDRESS         REF BY
           =====                   =======         ======
           ?Register_R7_is_cg_reg
                                   000016A6        __call_ctors (?cppinit)

    -------------------------------------------------------------------------
  LIBRARY MODULE, NAME : ?REGISTER_CGREGR8_L10

  SEGMENTS IN THE MODULE
  ======================
CODE
  Relative segment, address: CODE 000016A6, align: 1
  Segment part 0.
           ENTRY                   ADDRESS         REF BY
           =====                   =======         ======
           ?Register_R8_is_cg_reg
                                   000016A6        channel_t::poll() (core)

    -------------------------------------------------------------------------
  LIBRARY MODULE, NAME : ?REGISTER_CGREGR9_L10

  SEGMENTS IN THE MODULE
  ======================
CODE
  Relative segment, address: CODE 000016A6, align: 1
  Segment part 0.
           ENTRY                   ADDRESS         REF BY
           =====                   =======         ======
           ?Register_R9_is_cg_reg
                                   000016A6        channel_t::poll() (core)

    -------------------------------------------------------------------------
  LIBRARY MODULE, NAME : ?REGISTER_CGREGR10_L10

  SEGMENTS IN THE MODULE
  ======================
CODE
  Relative segment, address: CODE 000016A6, align: 1
  Segment part 0.
           ENTRY                   ADDRESS         REF BY
           =====                   =======         ======
           ?Register_R10_is_cg_reg
                                   000016A6        channel_t::poll() (core)

    -------------------------------------------------------------------------
  LIBRARY MODULE, NAME : ?REGISTER_CGREGR11_L10

  SEGMENTS IN THE MODULE
  ======================
CODE
  Relative segment, address: CODE 000016A6, align: 1
  Segment part 0.
           ENTRY                   ADDRESS         REF BY
           =====                   =======         ======
           ?Register_R11_is_cg_reg
                                   000016A6        channel_t::poll() (core)

    -------------------------------------------------------------------------
  LIBRARY MODULE, NAME : ?low_level_init

  SEGMENTS IN THE MODULE
  ======================
CODE
  Relative segment, address: CODE 000016A6 - 000016A9 (0x4 bytes), align: 1
  Segment part 3.
           ENTRY                   ADDRESS         REF BY
           =====                   =======         ======
           __low_level_init        000016A6        ?call_low_level_init (?C_STARTUP)
               RSTACK = 00000000 ( 00000002 )

    -------------------------------------------------------------------------
  LIBRARY MODULE, NAME : ?segment_init

  SEGMENTS IN THE MODULE
  ======================
CODE
  Relative segment, address: CODE 000016AA - 000016B1 (0x8 bytes), align: 1
  Segment part 3.             Intra module refs:   __segment_init
           LOCAL                   ADDRESS         
           =====                   =======         
           __memclr                000016AA 
               RSTACK = 00000000 ( 00000002 )
    -------------------------------------------------------------------------
CODE
  Relative segment, address: CODE 000016B2 - 000016B9 (0x8 bytes), align: 1
  Segment part 4.             Intra module refs:   __segment_init
           LOCAL                   ADDRESS         
           =====                   =======         
           __flashcpy              000016B2 
               RSTACK = 00000000 ( 00000002 )
    -------------------------------------------------------------------------
CODE
  Relative segment, address: CODE 000016BA - 000016C5 (0xc bytes), align: 1
  Segment part 5.             Intra module refs:   __flashcpy
                                                   __memclr
    -------------------------------------------------------------------------
CODE
  Relative segment, address: CODE 000016C6 - 000016F9 (0x34 bytes), align: 1
  Segment part 6.
           ENTRY                   ADDRESS         REF BY
           =====                   =======         ======
           __segment_init          000016C6        ?need_segment_init (?C_STARTUP)
               calls direct
               RSTACK = 00000000 ( 00000002 )

    *************************************************************************

  DEFINED ABSOLUTE ENTRIES
  PROGRAM MODULE, NAME : ?FILLER_BYTES

  SEGMENTS IN THE MODULE
  ======================
INTVEC
  Common segment, address: CODE 00000000 - 0000004F (0x50 bytes), align: 0
  Segment part 1.
    -------------------------------------------------------------------------
?FILL1
  Relative segment, address: CODE 00000050 - 00000067 (0x18 bytes), align: 0
  Segment part 0.




                ****************************************
                *                                      *
                *      SEGMENTS IN ADDRESS ORDER       *
                *                                      *
                ****************************************


SEGMENT              SPACE    START ADDRESS   END ADDRESS     SIZE  TYPE  ALIGN
=======              =====    =============   ===========     ====  ====  =====
INTVEC               CODE          00000000 - 0000004F          50   com    1
?FILL1               CODE          00000050 - 00000067          18   rel    0
NEAR_F               CODE          00000068 - 00000159          F2   rel    0
SWITCH               CODE          0000015A - 00000171          18   rel    1
DIFUNCT              CODE          00000172 - 00000173           2   rel    0
CODE                 CODE          00000174 - 000016F9        1586   rel    1
INITTAB              CODE          000016FA - 00001705           C   rel    0
NEAR_ID              CODE          00001706 - 000017B4          AF   rel    0
ABSOLUTE             DATA               0000001F                     rel    0
                     DATA               00000020                   
                     DATA               00000021                   
                     DATA               00000022                   
                     DATA          00000024 - 00000025           2 
                     DATA          00000027 - 00000027           1 
                     DATA          0000002A - 0000002B           2 
                     DATA          0000003D - 0000003D           1 
                     DATA          00000045 - 00000046           2 
                     DATA          00000069 - 00000069           1 
                     DATA          0000006E - 0000006E           1 
                     DATA          00000070 - 00000070           1 
                     DATA          000000B1 - 000000B3           3 
                     DATA          000000B8 - 000000B9           2 
                     DATA          000000BB - 000000BC           2 
                     DATA          000000C1 - 000000C1           1 
                     DATA          000000C4 - 000000C6           3 
CSTACK               DATA          00000100 - 0000017F          80   dse    0
RSTACK               DATA          00000180 - 000001FF          80   dse    0
NEAR_I               DATA          00000200 - 000002AE          AF   rel    0
NEAR_Z               DATA          000002AF - 0000049C         1EE   rel    0
EEPROM_AN            XDATA         00000010 - 0000001B           C   rel    0
                     XDATA         0000001E - 0000001E           1 
EEPROM_AN            XDATA         00000030 - 0000009B          6C   rel    0

                ****************************************
                *                                      *
                *        END OF CROSS REFERENCE        *
                *                                      *
                ****************************************

 6 045 bytes of CODE  memory (+              24 range fill )
   925 bytes of DATA  memory (+  22 absolute )
     0 bytes of XDATA memory (+ 121 absolute )

Errors: none
Warnings: none

